// Jest Snapshot v1, https://goo.gl/fbAQLP

exports[`The TopNavigation instance When called with default properties should render without throwing errors 1`] = `
<div>
  <img
    alt="Kued Logo"
    src="kued-logotype.png"
  />
  <div>
    <Jss(Button)
      flat={true}
      link="/feed"
      secondary={false}
      style={
        Object {
          "color": "white",
        }
      }
    >
      Whos Playing
    </Jss(Button)>
    <Jss(Button)
      flat={true}
      link="/vote"
      secondary={false}
      style={
        Object {
          "color": "white",
        }
      }
    >
      Compatibility
    </Jss(Button)>
    <Jss(Button)
      flat={true}
      link="/contact"
      secondary={false}
      style={
        Object {
          "color": "white",
        }
      }
    >
      Contact
    </Jss(Button)>
  </div>
</div>
`;
