// Jest Snapshot v1, https://goo.gl/fbAQLP

exports[`The Home instance when called with default props should render without throwing errors 1`] = `
<header>
  <Jss(TopNavigation) />
  <main>
    <Jss(Text)
      bold={false}
      caption={false}
      h1={true}
      h2={false}
      h3={false}
      h4={false}
      h5={false}
      style={
        Object {
          "color": "white",
        }
      }
    >
      Elevate your arena experience.
    </Jss(Text)>
    <Jss(Text)
      bold={false}
      caption={false}
      h1={false}
      h2={false}
      h3={false}
      h4={true}
      h5={false}
      style={
        Object {
          "color": "#b1a0a0",
          "margin": 16,
          "textAlign": "center",
        }
      }
    >
      With the most up-to-date live meta data, we allow you to
      <br />
      predict opponents and open up the best opportunities.
    </Jss(Text)>
    <div>
      <Jss(Button)
        flat={false}
        icon={null}
        link="/feed"
        secondary={false}
      >
        Get Started
      </Jss(Button)>
      <Jss(Button)
        flat={false}
        icon={null}
        link="/contact"
        secondary={true}
        style={
          Object {
            "color": "white",
          }
        }
      >
        Learn More
      </Jss(Button)>
    </div>
  </main>
</header>
`;
