// Jest Snapshot v1, https://goo.gl/fbAQLP

exports[`The MenuItems instance when rendered should return the list of buttons 1`] = `
<Fragment>
  <Jss(Button)
    flat={true}
    icon={null}
    link="/feed"
    secondary={false}
    style={
      Object {
        "color": "white",
      }
    }
  >
    Warmane
  </Jss(Button)>
  <Jss(Button)
    flat={true}
    icon={null}
    link="/vote"
    secondary={false}
    style={
      Object {
        "color": "white",
      }
    }
  >
    Other Servers
  </Jss(Button)>
  <Jss(Button)
    flat={true}
    icon={null}
    link="/contact"
    secondary={false}
    style={
      Object {
        "color": "white",
      }
    }
  >
    Contact
  </Jss(Button)>
</Fragment>
`;
